// Jest Snapshot v1, https://goo.gl/fbAQLP

exports[`CreatePresentationPage (edit/[id]/page) matches snapshot 1`] = `
<DocumentFragment>
  <div
    class="max-w-xl mx-auto mt-10 p-4 border rounded shadow space-y-6"
  >
    <form
      data-testid="update-presentation-form"
    >
      Update Presentation Form
    </form>
  </div>
</DocumentFragment>
`;
